18:03:11 **** Incremental Build of configuration Debug for project greenhouse-stm ****
make -j12 all 
arm-none-eabi-gcc "../Core/Src/main.c" -mcpu=cortex-m3 -std=gnu11 -g3 -DDEBUG -DUSE_HAL_DRIVER -DSTM32F103x6 -c -I../Core/Inc -I../Drivers/STM32F1xx_HAL_Driver/Inc/Legacy -I../Drivers/STM32F1xx_HAL_Driver/Inc -I../Drivers/CMSIS/Device/ST/STM32F1xx/Include -I../Drivers/CMSIS/Include -O0 -ffunction-sections -fdata-sections -Wall -fstack-usage -fcyclomatic-complexity -MMD -MP -MF"Core/Src/main.d" -MT"Core/Src/main.o" --specs=nano.specs -mfloat-abi=soft -mthumb -o "Core/Src/main.o"
arm-none-eabi-gcc -o "greenhouse-stm.elf" @"objects.list"   -mcpu=cortex-m3 -T"C:\Users\uSER\Desktop\Git\greenhouse\stm32\greenhouse-stm\STM32F103C6TX_FLASH.ld" --specs=nosys.specs -Wl,-Map="greenhouse-stm.map" -Wl,--gc-sections -static --specs=nano.specs -mfloat-abi=soft -mthumb -Wl,--start-group -lc -lm -Wl,--end-group
Finished building target: greenhouse-stm.elf
 
arm-none-eabi-size   greenhouse-stm.elf 
arm-none-eabi-objdump -h -S  greenhouse-stm.elf  > "greenhouse-stm.list"
arm-none-eabi-objcopy  -O ihex  greenhouse-stm.elf  "greenhouse-stm.hex"
   text	   data	    bss	    dec	    hex	filename
   5680	     36	   1644	   7360	   1cc0	greenhouse-stm.elf
Finished building: default.size.stdout
 
Finished building: greenhouse-stm.hex
 
Finished building: greenhouse-stm.list
 

18:03:12 Build Finished. 0 errors, 0 warnings. (took 332ms)

