17:36:01 **** Incremental Build of configuration Debug for project greenhouse ****
make -j12 all 
arm-none-eabi-gcc "../Core/Src/main.c" -mcpu=cortex-m3 -std=gnu11 -g3 -DDEBUG -DUSE_HAL_DRIVER -DSTM32F103x6 -c -I../Core/Inc -I../Drivers/STM32F1xx_HAL_Driver/Inc/Legacy -I../Drivers/STM32F1xx_HAL_Driver/Inc -I../Drivers/CMSIS/Device/ST/STM32F1xx/Include -I../Drivers/CMSIS/Include -O0 -ffunction-sections -fdata-sections -Wall -fstack-usage -fcyclomatic-complexity -MMD -MP -MF"Core/Src/main.d" -MT"Core/Src/main.o" --specs=nano.specs -mfloat-abi=soft -mthumb -o "Core/Src/main.o"
arm-none-eabi-gcc -o "greenhouse.elf" @"objects.list"   -mcpu=cortex-m3 -T"C:\Users\uSER\Desktop\Git\greenhouse\stm\greenhouse\STM32F103C6TX_FLASH.ld" --specs=nosys.specs -Wl,-Map="greenhouse.map" -Wl,--gc-sections -static --specs=nano.specs -mfloat-abi=soft -mthumb -Wl,--start-group -lc -lm -Wl,--end-group
Finished building target: greenhouse.elf
 
arm-none-eabi-size   greenhouse.elf 
arm-none-eabi-objdump -h -S  greenhouse.elf  > "greenhouse.list"
arm-none-eabi-objcopy  -O ihex  greenhouse.elf  "greenhouse.hex"
   text	   data	    bss	    dec	    hex	filename
  12684	     40	   1712	  14436	   3864	greenhouse.elf
Finished building: default.size.stdout
 
Finished building: greenhouse.hex
 
Finished building: greenhouse.list
 

17:36:02 Build Finished. 0 errors, 0 warnings. (took 478ms)

